2026-09-18T23:02:51.4419505Z Current runner version: '2.337.0'
2026-09-18T23:02:51.4467981Z ##[group]Runner Image Provisioner
2026-09-18T23:02:51.4468857Z Hosted Compute Agent
2026-09-18T23:02:51.4469506Z Version: 20260828.587
2026-09-18T23:02:51.4470174Z Commit: abac92662cab4cc7352de4f9f9d2e2419aad9c29
2026-09-18T23:02:51.4470908Z Build Date: 2026-08-28T16:44:25Z
2026-09-18T23:02:51.4471646Z Worker ID: {37a95cc5-b365-4cc5-9d67-6c812a98cd67}
2026-09-18T23:02:51.4472435Z Azure Region: eastus
2026-09-18T23:02:51.4473229Z ##[endgroup]
2026-09-18T23:02:51.4474749Z ##[group]Operating System
2026-09-18T23:02:51.4475398Z Ubuntu
2026-09-18T23:02:51.4476032Z 24.04.5
2026-09-18T23:02:51.4476579Z LTS
2026-09-18T23:02:51.4477152Z ##[endgroup]
2026-09-18T23:02:51.4477730Z ##[group]Runner Image
2026-09-18T23:02:51.4478423Z Image: ubuntu-24.04
2026-09-18T23:02:51.4479087Z Version: 20260907.300.1
2026-09-18T23:02:51.4480371Z Included Software: https://github.com/actions/runner-images/blob/ubuntu24/20260907.300/images/ubuntu/Ubuntu2404-Readme.md
2026-09-18T23:02:51.4481997Z Image Release: https://github.com/actions/runner-images/releases/tag/ubuntu24%2F20260907.300
2026-09-18T23:02:51.4482968Z ##[endgroup]
2026-09-18T23:02:51.4484549Z ##[group]GITHUB_TOKEN Permissions
2026-09-18T23:02:51.4486463Z Contents: read
2026-09-18T23:02:51.4487173Z Metadata: read
2026-09-18T23:02:51.4487745Z ##[endgroup]
2026-09-18T23:02:51.4489971Z Secret source: Actions
2026-09-18T23:02:51.4490932Z Cache mode: write
2026-09-18T23:02:51.4491715Z Prepare workflow directory
2026-09-18T23:02:51.4817773Z Prepare all required actions
2026-09-18T23:02:51.4866123Z Getting action download info
2026-09-18T23:02:51.7461441Z Download action repository 'actions/checkout@v7' (SHA:3d3c42e5aac5ba805825da76410c181273ba90b1)
2026-09-18T23:02:51.8485169Z Download action repository 'actions/setup-node@v7' (SHA:820762786026740c76f36085b0efc47a31fe5020)
2026-09-18T23:02:51.9427766Z Download action repository 'actions/upload-artifact@v7.0.1' (SHA:043fb46d1a93c77aae656e7c1c64a875d1fc6a0a)
2026-09-18T23:02:52.1131388Z Complete job name: web
2026-09-18T23:02:52.1948691Z ##[group]Run actions/checkout@v7
2026-09-18T23:02:52.1949566Z with:
2026-09-18T23:02:52.1950047Z   repository: prime-radiant-inc/evener
2026-09-18T23:02:52.1954064Z   token: ***
2026-09-18T23:02:52.1954506Z   ssh-strict: true
2026-09-18T23:02:52.1955001Z   ssh-user: git
2026-09-18T23:02:52.1955479Z   persist-credentials: true
2026-09-18T23:02:52.1955962Z   clean: true
2026-09-18T23:02:52.1956420Z   sparse-checkout-cone-mode: true
2026-09-18T23:02:52.1956948Z   fetch-depth: 1
2026-09-18T23:02:52.1957407Z   fetch-tags: false
2026-09-18T23:02:52.1957889Z   show-progress: true
2026-09-18T23:02:52.1958328Z   lfs: false
2026-09-18T23:02:52.1958743Z   submodules: false
2026-09-18T23:02:52.1959183Z   set-safe-directory: true
2026-09-18T23:02:52.1959699Z   allow-unsafe-pr-checkout: false
2026-09-18T23:02:52.1960497Z ##[endgroup]
2026-09-18T23:02:52.2949887Z Syncing repository: prime-radiant-inc/evener
2026-09-18T23:02:52.2952014Z ##[group]Getting Git version info
2026-09-18T23:02:52.2952809Z Working directory is '/home/runner/work/evener/evener'
2026-09-18T23:02:52.2953992Z [command]/usr/bin/git version
2026-09-18T23:02:52.3021638Z git version 2.55.0
2026-09-18T23:02:52.3042600Z ##[endgroup]
2026-09-18T23:02:52.3052982Z Temporarily overriding HOME='/home/runner/work/_temp/0fb72504-78c6-4360-a181-bbde87392068' before making global git config changes
2026-09-18T23:02:52.3055526Z Adding repository directory to the temporary git global config as a safe directory
2026-09-18T23:02:52.3058911Z [command]/usr/bin/git config --global --add safe.directory /home/runner/work/evener/evener
2026-09-18T23:02:52.3109283Z Deleting the contents of '/home/runner/work/evener/evener'
2026-09-18T23:02:52.3112588Z ##[group]Determining repository object format
2026-09-18T23:02:52.3114357Z ##[endgroup]
2026-09-18T23:02:52.3115347Z ##[group]Initializing the repository
2026-09-18T23:02:52.3118536Z [command]/usr/bin/git init /home/runner/work/evener/evener
2026-09-18T23:02:52.3225436Z hint: Using 'master' as the name for the initial branch. This default branch name
2026-09-18T23:02:52.3226849Z hint: will change to "main" in Git 3.0. To configure the initial branch name
2026-09-18T23:02:52.3228506Z hint: to use in all of your new repositories, which will suppress this warning,
2026-09-18T23:02:52.3229388Z hint: call:
2026-09-18T23:02:52.3230130Z hint:
2026-09-18T23:02:52.3231086Z hint: 	git config --global init.defaultBranch <name>
2026-09-18T23:02:52.3232251Z hint:
2026-09-18T23:02:52.3233620Z hint: Names commonly chosen instead of 'master' are 'main', 'trunk' and
2026-09-18T23:02:52.3235378Z hint: 'development'. The just-created branch can be renamed via this command:
2026-09-18T23:02:52.3236680Z hint:
2026-09-18T23:02:52.3237444Z hint: 	git branch -m <name>
2026-09-18T23:02:52.3238297Z hint:
2026-09-18T23:02:52.3239512Z hint: Disable this message with "git config set advice.defaultBranchName false"
2026-09-18T23:02:52.3241353Z Initialized empty Git repository in /home/runner/work/evener/evener/.git/
2026-09-18T23:02:52.3244442Z [command]/usr/bin/git remote add origin https://github.com/prime-radiant-inc/evener
2026-09-18T23:02:52.3287460Z ##[endgroup]
2026-09-18T23:02:52.3288776Z ##[group]Disabling automatic garbage collection
2026-09-18T23:02:52.3291091Z [command]/usr/bin/git config --local gc.auto 0
2026-09-18T23:02:52.3321020Z ##[endgroup]
2026-09-18T23:02:52.3322682Z ##[group]Setting up auth
2026-09-18T23:02:52.3324145Z Removing SSH command configuration
2026-09-18T23:02:52.3326736Z [command]/usr/bin/git config --local --name-only --get-regexp core\.sshCommand
2026-09-18T23:02:52.3357986Z [command]/usr/bin/git submodule foreach --recursive sh -c "git config --local --name-only --get-regexp 'core\.sshCommand' && git config --local --unset-all 'core.sshCommand' || :"
2026-09-18T23:02:52.3699690Z Removing HTTP extra header
2026-09-18T23:02:52.3704652Z [command]/usr/bin/git config --local --name-only --get-regexp http\.https\:\/\/github\.com\/\.extraheader
2026-09-18T23:02:52.3736308Z [command]/usr/bin/git submodule foreach --recursive sh -c "git config --local --name-only --get-regexp 'http\.https\:\/\/github\.com\/\.extraheader' && git config --local --unset-all 'http.https://github.com/.extraheader' || :"
2026-09-18T23:02:52.3947956Z Removing includeIf entries pointing to credentials config files
2026-09-18T23:02:52.3953232Z [command]/usr/bin/git config --local --name-only --get-regexp ^includeIf\.gitdir:
2026-09-18T23:02:52.3981594Z [command]/usr/bin/git submodule foreach --recursive git config --local --show-origin --name-only --get-regexp remote.origin.url
2026-09-18T23:02:52.4215495Z [command]/usr/bin/git config --file /home/runner/work/_temp/git-credentials-d6cf23dd-bbfb-4c86-a649-b45107c4c832.config http.https://github.com/.extraheader AUTHORIZATION: basic ***
2026-09-18T23:02:52.4251059Z [command]/usr/bin/git config --local includeIf.gitdir:/home/runner/work/evener/evener/.git.path /home/runner/work/_temp/git-credentials-d6cf23dd-bbfb-4c86-a649-b45107c4c832.config
2026-09-18T23:02:52.4279750Z [command]/usr/bin/git config --local includeIf.gitdir:/home/runner/work/evener/evener/.git/worktrees/*.path /home/runner/work/_temp/git-credentials-d6cf23dd-bbfb-4c86-a649-b45107c4c832.config
2026-09-18T23:02:52.4314408Z [command]/usr/bin/git config --local includeIf.gitdir:/github/workspace/.git.path /github/runner_temp/git-credentials-d6cf23dd-bbfb-4c86-a649-b45107c4c832.config
2026-09-18T23:02:52.4358514Z [command]/usr/bin/git config --local includeIf.gitdir:/github/workspace/.git/worktrees/*.path /github/runner_temp/git-credentials-d6cf23dd-bbfb-4c86-a649-b45107c4c832.config
2026-09-18T23:02:52.4394011Z ##[endgroup]
2026-09-18T23:02:52.4394820Z ##[group]Fetching the repository
2026-09-18T23:02:52.4403600Z [command]/usr/bin/git -c protocol.version=2 fetch --no-tags --prune --no-recurse-submodules --depth=1 origin +e1a0eaf7957d6aecb8995c03e341cd1a2d2f9f15:refs/remotes/pull/1931/merge
2026-09-18T23:02:53.4484187Z From https://github.com/prime-radiant-inc/evener
2026-09-18T23:02:53.4486315Z  * [new ref]         e1a0eaf7957d6aecb8995c03e341cd1a2d2f9f15 -> pull/1931/merge
2026-09-18T23:02:53.4492209Z ##[endgroup]
2026-09-18T23:02:53.4494384Z ##[group]Determining the checkout info
2026-09-18T23:02:53.4496387Z ##[endgroup]
2026-09-18T23:02:53.4497809Z [command]/usr/bin/git sparse-checkout disable
2026-09-18T23:02:53.4544969Z [command]/usr/bin/git config --local --unset-all extensions.worktreeConfig
2026-09-18T23:02:53.4572760Z ##[group]Checking out the ref
2026-09-18T23:02:53.4575617Z [command]/usr/bin/git checkout --progress --force refs/remotes/pull/1931/merge
2026-09-18T23:02:54.2388733Z Note: switching to 'refs/remotes/pull/1931/merge'.
2026-09-18T23:02:54.2389295Z 
2026-09-18T23:02:54.2389619Z You are in 'detached HEAD' state. You can look around, make experimental
2026-09-18T23:02:54.2390284Z changes and commit them, and you can discard any commits you make in this
2026-09-18T23:02:54.2390948Z state without impacting any branches by switching back to a branch.
2026-09-18T23:02:54.2391326Z 
2026-09-18T23:02:54.2391681Z If you want to create a new branch to retain commits you create, you may
2026-09-18T23:02:54.2392282Z do so (now or later) by using -c with the switch command. Example:
2026-09-18T23:02:54.2392608Z 
2026-09-18T23:02:54.2392772Z   git switch -c <new-branch-name>
2026-09-18T23:02:54.2393033Z 
2026-09-18T23:02:54.2393603Z Or undo this operation with:
2026-09-18T23:02:54.2393996Z 
2026-09-18T23:02:54.2394218Z   git switch -
2026-09-18T23:02:54.2396474Z 
2026-09-18T23:02:54.2396971Z Turn off this advice by setting config variable advice.detachedHead to false
2026-09-18T23:02:54.2397575Z 
2026-09-18T23:02:54.2398031Z HEAD is now at e1a0eaf Merge 4d2daddc877e2ec6a947e3671ed492e15a9e62dd into 7224cceae2b7186f5186f766e6ba77eae0c3f00e
2026-09-18T23:02:54.2414741Z ##[endgroup]
2026-09-18T23:02:54.2463635Z [command]/usr/bin/git log -1 --format=%H
2026-09-18T23:02:54.2489730Z e1a0eaf7957d6aecb8995c03e341cd1a2d2f9f15
2026-09-18T23:02:54.2832784Z ##[group]Run actions/setup-node@v7
2026-09-18T23:02:54.2833653Z with:
2026-09-18T23:02:54.2833947Z   node-version: 22
2026-09-18T23:02:54.2834244Z   cache: npm
2026-09-18T23:02:54.2834647Z   cache-dependency-path: cmd/evener-hub/frontend/package-lock.json
2026-09-18T23:02:54.2835128Z   check-latest: false
2026-09-18T23:02:54.2837860Z   token: ***
2026-09-18T23:02:54.2838199Z   package-manager-cache: true
2026-09-18T23:02:54.2838540Z ##[endgroup]
2026-09-18T23:02:54.4129518Z Found in cache @ /opt/hostedtoolcache/node/22.23.2/x64
2026-09-18T23:02:54.4131886Z ##[group]Environment details
2026-09-18T23:02:54.8095337Z node: v22.23.2
2026-09-18T23:02:54.8096611Z npm: 10.9.8
2026-09-18T23:02:54.8097359Z yarn: 1.22.22
2026-09-18T23:02:54.8098540Z ##[endgroup]
2026-09-18T23:02:54.8117746Z [command]/opt/hostedtoolcache/node/22.23.2/x64/bin/npm config get cache
2026-09-18T23:02:54.9242192Z /home/runner/.npm
2026-09-18T23:02:54.9933748Z Cache hit for: node-cache-Linux-x64-npm-27aa06c9731f5533c831a8ae0cc3eb4761c4b31313e68aba69bddb65bbd5a9ce
2026-09-18T23:02:55.4052532Z Received 66100874 of 66100874 (100.0%), 169.0 MBs/sec
2026-09-18T23:02:55.4053697Z Cache Size: ~63 MB (66100874 B)
2026-09-18T23:02:55.4092416Z [command]/usr/bin/tar -xf /home/runner/work/_temp/c0bce723-24da-493a-960e-3e75da2a4403/cache.tzst -P -C /home/runner/work/evener/evener --use-compress-program unzstd
2026-09-18T23:02:55.5382465Z Cache restored successfully
2026-09-18T23:02:55.5420980Z Cache restored from key: node-cache-Linux-x64-npm-27aa06c9731f5533c831a8ae0cc3eb4761c4b31313e68aba69bddb65bbd5a9ce
2026-09-18T23:02:55.5614589Z ##[group]Run make test-web && make build-web && make test-web-browser
2026-09-18T23:02:55.5615174Z make test-web && make build-web && make test-web-browser
2026-09-18T23:02:55.5664513Z shell: /usr/bin/bash -e {0}
2026-09-18T23:02:55.5664847Z ##[endgroup]
2026-09-18T23:02:58.6877292Z 
2026-09-18T23:02:58.6886452Z added 156 packages, and audited 157 packages in 3s
2026-09-18T23:02:58.6886982Z 
2026-09-18T23:02:58.6887338Z 34 packages are looking for funding
2026-09-18T23:02:58.6888342Z   run `npm fund` for details
2026-09-18T23:02:58.6890831Z 
2026-09-18T23:02:58.6891134Z found 0 vulnerabilities
2026-09-18T23:03:27.7247289Z PASS  web-typecheck
2026-09-18T23:03:27.7262386Z FAIL  web-test
2026-09-18T23:03:27.7271796Z 
2026-09-18T23:03:27.7272862Z > evener-hub-frontend@1.0.0 test
2026-09-18T23:03:27.7279088Z > sh -c 'budgets=../../../scripts/lib/gate-budgets.sh; if [ ! -r "$budgets" ]; then echo "evener-hub-frontend: cannot read $budgets; refusing to run the test gate unbudgeted" >&2; exit 1; fi; . "$budgets" || { echo "evener-hub-frontend: cannot source $budgets; refusing to run the test gate unbudgeted" >&2; exit 1; }; gate_source_helper ../../../scripts/lib/load-aware-workers.sh; npm run --silent check-package-tests && vitest run $(vitest_run_args) --exclude "scripts/*.test.mjs" "$@" && node --test scripts/*.test.mjs' --
2026-09-18T23:03:27.7282366Z 
2026-09-18T23:03:27.7283518Z the AppWire testing/ subpath is in-repo test support; only test and dev-support files may import it:
2026-09-18T23:03:27.7285338Z   cmd/evener-hub/frontend/src/panes/session/composer/askDock/askDock.testFixture.ts: imports @evener/appwire-client/testing/fakeClient
2026-09-18T23:03:27.7287159Z Move the use into a *.test.*, __tests__/, src/dev/ or *TestUtils.* file, or import from the package root.
2026-09-18T23:03:27.7291368Z PASS  web-lint
2026-09-18T23:03:27.7292035Z full logs: /tmp/evener-test-web.gi8fq8
2026-09-18T23:03:27.7295946Z make: *** [make/testing.mk:18: test-web] Error 1
2026-09-18T23:03:27.7315339Z ##[error]Process completed with exit code 2.
2026-09-18T23:03:27.7421042Z ##[group]Run actions/upload-artifact@v7.0.1
2026-09-18T23:03:27.7421360Z with:
2026-09-18T23:03:27.7421584Z   name: skillguard-artifacts-35404053608-1
2026-09-18T23:03:27.7421902Z   path: /tmp/skillguard-browser-*/artifacts/**
2026-09-18T23:03:27.7422208Z   retention-days: 7
2026-09-18T23:03:27.7422430Z   if-no-files-found: ignore
2026-09-18T23:03:27.7422664Z   compression-level: 6
2026-09-18T23:03:27.7422878Z   overwrite: false
2026-09-18T23:03:27.7423392Z   include-hidden-files: false
2026-09-18T23:03:27.7423647Z   archive: true
2026-09-18T23:03:27.7423846Z ##[endgroup]
2026-09-18T23:03:27.8830992Z No files were found with the provided path: /tmp/skillguard-browser-*/artifacts/**. No artifacts will be uploaded.
2026-09-18T23:03:27.9026050Z Post job cleanup.
2026-09-18T23:03:27.9836426Z [command]/usr/bin/git version
2026-09-18T23:03:27.9874066Z git version 2.55.0
2026-09-18T23:03:27.9940650Z Temporarily overriding HOME='/home/runner/work/_temp/21677171-740b-4066-ac32-d71c8befa220' before making global git config changes
2026-09-18T23:03:27.9942168Z Adding repository directory to the temporary git global config as a safe directory
2026-09-18T23:03:27.9946026Z [command]/usr/bin/git config --global --add safe.directory /home/runner/work/evener/evener
2026-09-18T23:03:27.9976261Z Removing SSH command configuration
2026-09-18T23:03:27.9982923Z [command]/usr/bin/git config --local --name-only --get-regexp core\.sshCommand
2026-09-18T23:03:28.0016167Z [command]/usr/bin/git submodule foreach --recursive sh -c "git config --local --name-only --get-regexp 'core\.sshCommand' && git config --local --unset-all 'core.sshCommand' || :"
2026-09-18T23:03:28.0248231Z Removing HTTP extra header
2026-09-18T23:03:28.0252901Z [command]/usr/bin/git config --local --name-only --get-regexp http\.https\:\/\/github\.com\/\.extraheader
2026-09-18T23:03:28.0288391Z [command]/usr/bin/git submodule foreach --recursive sh -c "git config --local --name-only --get-regexp 'http\.https\:\/\/github\.com\/\.extraheader' && git config --local --unset-all 'http.https://github.com/.extraheader' || :"
2026-09-18T23:03:28.0536331Z Removing includeIf entries pointing to credentials config files
2026-09-18T23:03:28.0544927Z [command]/usr/bin/git config --local --name-only --get-regexp ^includeIf\.gitdir:
2026-09-18T23:03:28.0571450Z includeif.gitdir:/home/runner/work/evener/evener/.git.path
2026-09-18T23:03:28.0572644Z includeif.gitdir:/home/runner/work/evener/evener/.git/worktrees/*.path
2026-09-18T23:03:28.0574474Z includeif.gitdir:/github/workspace/.git.path
2026-09-18T23:03:28.0575389Z includeif.gitdir:/github/workspace/.git/worktrees/*.path
2026-09-18T23:03:28.0582876Z [command]/usr/bin/git config --local --get-all includeif.gitdir:/home/runner/work/evener/evener/.git.path
2026-09-18T23:03:28.0606080Z /home/runner/work/_temp/git-credentials-d6cf23dd-bbfb-4c86-a649-b45107c4c832.config
2026-09-18T23:03:28.0617372Z [command]/usr/bin/git config --local --unset includeif.gitdir:/home/runner/work/evener/evener/.git.path \/home\/runner\/work\/_temp\/git\-credentials\-d6cf23dd\-bbfb\-4c86\-a649\-b45107c4c832\.config
2026-09-18T23:03:28.0660973Z [command]/usr/bin/git config --local --get-all includeif.gitdir:/home/runner/work/evener/evener/.git/worktrees/*.path
2026-09-18T23:03:28.0685358Z /home/runner/work/_temp/git-credentials-d6cf23dd-bbfb-4c86-a649-b45107c4c832.config
2026-09-18T23:03:28.0694140Z [command]/usr/bin/git config --local --unset includeif.gitdir:/home/runner/work/evener/evener/.git/worktrees/*.path \/home\/runner\/work\/_temp\/git\-credentials\-d6cf23dd\-bbfb\-4c86\-a649\-b45107c4c832\.config
2026-09-18T23:03:28.0727019Z [command]/usr/bin/git config --local --get-all includeif.gitdir:/github/workspace/.git.path
2026-09-18T23:03:28.0750331Z /github/runner_temp/git-credentials-d6cf23dd-bbfb-4c86-a649-b45107c4c832.config
2026-09-18T23:03:28.0759011Z [command]/usr/bin/git config --local --unset includeif.gitdir:/github/workspace/.git.path \/github\/runner_temp\/git\-credentials\-d6cf23dd\-bbfb\-4c86\-a649\-b45107c4c832\.config
2026-09-18T23:03:28.0793358Z [command]/usr/bin/git config --local --get-all includeif.gitdir:/github/workspace/.git/worktrees/*.path
2026-09-18T23:03:28.0816437Z /github/runner_temp/git-credentials-d6cf23dd-bbfb-4c86-a649-b45107c4c832.config
2026-09-18T23:03:28.0827528Z [command]/usr/bin/git config --local --unset includeif.gitdir:/github/workspace/.git/worktrees/*.path \/github\/runner_temp\/git\-credentials\-d6cf23dd\-bbfb\-4c86\-a649\-b45107c4c832\.config
2026-09-18T23:03:28.0866199Z [command]/usr/bin/git submodule foreach --recursive git config --local --show-origin --name-only --get-regexp remote.origin.url
2026-09-18T23:03:28.1105462Z Removing credentials config '/home/runner/work/_temp/git-credentials-d6cf23dd-bbfb-4c86-a649-b45107c4c832.config'
2026-09-18T23:03:28.1242259Z Cleaning up orphan processes
